<!DOCTYPE html>
<html>
<head>
    <title>Simple Counter</title>
</head>
<body><div data-lvt-id="lvt-06af684d6b9c7483">
    <h1>Simple Counter</h1>
    <div>
        <p>Counter: -3</p>
        <p>Status: negative</p>
        
            <p>Counter is negative</p>
        
    </div>
    <footer>
        <p>Last updated: 2023-01-01 10:20:00</p>
        <p>Session: counter-12345</p>
    </footer>
</div></body>
</html>