{
  "1": "-3",
  "2": "negative",
  "3": "\u003cp\u003eCounter is negative\u003c/p\u003e",
  "4": "2023-01-01 10:20:00"
}