{
  "1": "0",
  "2": "zero",
  "3": "\u003cp\u003eCounter is zero\u003c/p\u003e",
  "4": "2023-01-01 10:25:00"
}