{
  "5": "2",
  "6": "0",
  "7": "100%",
  "8": [
    ["u", "k4c8d", {"0": "completed", "4": "âœ“"}]
  ],
  "9": "2023-01-01 10:45:00"
}