{
  "1": "Task Manager",
  "2": "8",
  "3": "active",
  "4": "High Activity",
  "5": "2",
  "6": "1",
  "7": "1",
  "8": "50%",
  "9": [
    [
      "u",
      "completed",
      {
        "0": "1",
        "2": "#0",
        "3": "Learn Go templates",
        "5": "(Priority: High)"
      }
    ],
    [
      "u",
      "",
      {
        "0": "2",
        "2": "#1"
      }
    ]
  ],
  "10": "2023-01-01 10:30:00",
  "11": "session-12345"
}