{
  "5": "1",
  "6": "1",
  "7": "50%",
  "8": {
    "0": {
      "d": [
        {
          "0": "",
          "1": "todo-3",
          "2": "",
          "3": "Write documentation",
          "4": "○",
          "5": " (Priority: Low)"
        },
        {
          "0": "completed",
          "1": "todo-1",
          "2": "",
          "3": "Learn Go templates",
          "4": "✓",
          "5": " (Priority: High)"
        }
      ],
      "s": [
        "\n                    \u003cdiv class=\"todo-item ",
        "\" data-key=\"",
        "\"\u003e\n                        \u003cstrong\u003e",
        ":\u003c/strong\u003e\n                        ",
        "\n                        ",
        "\n                        ",
        "\n                    \u003c/div\u003e\n                    "
      ]
    },
    "s": [
      "\n                \u003cdiv class=\"todo-list\"\u003e\n                    ",
      "\n                \u003c/div\u003e\n                "
    ]
  },
  "9": "2023-01-01 10:45:00"
}