{
  "1": "9",
  "4": "3",
  "6": "2",
  "7": "33%",
  "8": [
    [
      "u",
      "todo-1",
      {
        "3": "#1"
      }
    ],
    [
      "u",
      "todo-3",
      {
        "3": "#2"
      }
    ],
    [
      "i",
      null,
      "start",
      {
        "0": "todo-4",
        "1": "",
        "2": "todo-4",
        "3": "#0",
        "4": "Setup development environment",
        "5": "â—‹",
        "6": "(Priority: High)"
      }
    ]
  ],
  "9": "2023-01-01 11:00:00"
}