{
  "0": "Task Manager",
  "1": "3",
  "10": "session-12345",
  "2": "inactive",
  "3": "Low Activity",
  "4": "3",
  "5": "1",
  "6": "2",
  "7": "33%",
  "8": "\u003cdiv class=\"todo-list\"\u003e\n                    \n                    \u003cdiv class=\"todo-item \" data-key=\"todo-1\"\u003e\n                        \u003cstrong\u003e#0:\u003c/strong\u003e\n                        Learn Go templates\n                        ○\n                         (Priority: High)\n                    \u003c/div\u003e\n                    \n                    \u003cdiv class=\"todo-item completed\" data-key=\"todo-2\"\u003e\n                        \u003cstrong\u003e#1:\u003c/strong\u003e\n                        Build live updates\n                        ✓\n                         (Priority: Medium)\n                    \u003c/div\u003e\n                    \n                    \u003cdiv class=\"todo-item \" data-key=\"todo-3\"\u003e\n                        \u003cstrong\u003e#2:\u003c/strong\u003e\n                        Write documentation\n                        ○\n                         (Priority: Low)\n                    \u003c/div\u003e\n                    \n                \u003c/div\u003e",
  "9": "2023-01-01 10:15:00",
  "s": [
    "\u003cdiv class=\"container\"\u003e\u003cheader\u003e\u003ch1\u003e",
    "\u003c/h1\u003e\u003cdiv class=\"counter\"\u003eCount: ",
    "\u003c/div\u003e\u003cdiv class=\"status ",
    "\"\u003e Status: ",
    " \u003c/div\u003e\u003c/header\u003e\u003cmain\u003e\u003csection class=\"stats\"\u003e\u003ch2\u003eStatistics\u003c/h2\u003e\u003cp\u003eTotal Todos: ",
    "\u003c/p\u003e\u003cp\u003eCompleted: ",
    "\u003c/p\u003e\u003cp\u003eRemaining: ",
    "\u003c/p\u003e\u003cp\u003eCompletion Rate: ",
    "\u003c/p\u003e\u003c/section\u003e\u003csection class=\"todos\"\u003e\u003ch2\u003eTodo List\u003c/h2\u003e ",
    " \u003c/section\u003e\u003c/main\u003e\u003cfooter\u003e\u003cp\u003eLast updated: ",
    "\u003c/p\u003e\u003cp\u003eSession ID: ",
    "\u003c/p\u003e\u003c/footer\u003e\u003c/div\u003e"
  ]
}