{
  "1": "10",
  "4": "4",
  "6": "3",
  "7": "25%",
  "8": {
    "0": {
      "d": [
        {
          "0": "",
          "1": "todo-4",
          "2": "",
          "3": "Setup development environment",
          "4": "○",
          "5": " (Priority: High)"
        },
        {
          "0": "",
          "1": "todo-5",
          "2": "",
          "3": "Configure CI/CD pipeline",
          "4": "○",
          "5": " (Priority: Medium)"
        },
        {
          "0": "completed",
          "1": "todo-1",
          "2": "",
          "3": "Learn Go templates",
          "4": "✓",
          "5": " (Priority: High)"
        },
        {
          "0": "",
          "1": "todo-3",
          "2": "",
          "3": "Write documentation",
          "4": "○",
          "5": " (Priority: Low)"
        }
      ],
      "s": [
        "\n                    \u003cdiv class=\"todo-item ",
        "\" data-key=\"",
        "\"\u003e\n                        \u003cstrong\u003e",
        ":\u003c/strong\u003e\n                        ",
        "\n                        ",
        "\n                        ",
        "\n                    \u003c/div\u003e\n                    "
      ]
    },
    "s": [
      "\n                \u003cdiv class=\"todo-list\"\u003e\n                    ",
      "\n                \u003c/div\u003e\n                "
    ]
  },
  "9": "2023-01-01 11:15:00"
}