{
  "8": {
    "0": [
      [
        "o",
        [
          "todo-1",
          "todo-3"
        ]
      ]
    ]
  },
  "9": "2023-01-01 10:50:00"
}